// Jest Snapshot v1, https://goo.gl/fbAQLP

exports[`renders correctly 1`] = `
<div
  className="detailCard"
>
  <h3
    className="detailCardText"
  >
    Price
  </h3>
  <h3
    className="detailCardText"
  >
    99999
  </h3>
</div>
`;
